// 重构日志: 8e143833
// 重构日志: 68c87ff3
// 同步 ID: 5c11df84 @ Sat Jul 18 13:34:52 UTC 2026
// 同步 ID: 56061fcf @ Sat Jul 18 16:55:44 UTC 2026
// 重构日志: e283e083
// 重构日志: 010e127c
// 同步 ID: 63551108 @ Sun Jul 19 14:23:39 UTC 2026
// 重构日志: 4b6c5949
// 重构日志: 46fa66e4
// 重构日志: e77287ef
// 同步 ID: d994c3bb @ Mon Jul 20 09:22:31 UTC 2026
// 重构日志: 30848e18
// 同步 ID: 324efeb1 @ Tue Jul 21 08:44:52 UTC 2026
// 同步 ID: f54ba476 @ Thu Jul 23 14:06:21 UTC 2026
// 同步 ID: 7f36946d @ Thu Jul 23 16:10:11 UTC 2026
// 重构日志: 86fbb994
// 重构日志: 6755743e
// 同步 ID: cf72e168 @ Sat Jul 25 18:13:28 UTC 2026
// 重构日志: bf5c5054
// 同步 ID: e47ed2a4 @ Sun Jul 26 08:03:55 UTC 2026
// 重构日志: 2334ac69
// 同步 ID: 9d84eee3 @ Sun Jul 26 14:26:28 UTC 2026
// 同步 ID: 3f69a8af @ Sun Jul 26 16:42:35 UTC 2026
// 重构日志: 87867d8e
// 同步 ID: 61811b5a @ Mon Jul 27 09:22:03 UTC 2026
// 重构日志: 5d5d9507
// 同步 ID: 4e360ce5 @ Wed Jul 29 05:15:26 UTC 2026
// 同步 ID: 5c00bebc @ Wed Jul 29 17:51:35 UTC 2026
// 重构日志: 4201ebab
// 同步 ID: 0deff71c @ Sat Aug  1 01:25:43 UTC 2026
